
  FAILURES

╭──────────────────────────────────────────────────────────────────────────────╮
│                                                                              │
│  ✗ FAIL  TestMul                                                             │
│  calc  ·  calc_test.go:25                                                    │
│                                                                              │
│  got 42, want 43                                                             │
│                                                                              │
╰──────────────────────────────────────────────────────────────────────────────╯

╭──────────────────────────────────────────────────────────────────────────────╮
│                                                                              │
│    FAIL   1 failed                                                           │
│                                                                              │
│   ✓ 0 passed    ✗ 1 failed    ⊘ 0 skipped    ·    1 test in <elapsed>               │
│                                                                              │
│   slowest                                                                    │
│     1  TestMul                             calc            1ms               │
│                                                                              │
╰──────────────────────────────────────────────────────────────────────────────╯
