╭──────────────────────────────────────────────────────────────────────────────╮
│                                                                              │
│    PASS   all tests passed                                                   │
│                                                                              │
│   ✓ 0 passed    ✗ 0 failed    ⊘ 0 skipped    ·    0 tests in <elapsed>              │
│                                                                              │
╰──────────────────────────────────────────────────────────────────────────────╯

╭──────────────────────────────────────────────────────────────────────────────╮
│                                                                              │
│  benchmarks                                                                  │
│  linux/amd64 · Test CPU @ 3.00GHz                                            │
│                                                                              │
│    Add                       0.50 ns   ▏                  0 B   0 allocs     │
│    AllocLarge               12.00 µs   ████████████   32.0 kB   2 allocs     │
│                                                                              │
╰──────────────────────────────────────────────────────────────────────────────╯

copy ↓
_linux/amd64 · Test CPU @ 3.00GHz_

| Benchmark           |  ns/op |  B/op | allocs/op |
| ------------------- | -----: | ----: | --------: |
| BenchmarkAdd        | 0.5000 |     0 |         0 |
| BenchmarkAllocLarge |  12000 | 32792 |         2 |
