
  FAILURES

╭──────────────────────────────────────────────────────────────────────────────╮
│                                                                              │
│   BUILD   (build error)                                                      │
│  broken                                                                      │
│                                                                              │
│  ./broken.go:3:25: undefined: undefinedSymbol                                │
│                                                                              │
╰──────────────────────────────────────────────────────────────────────────────╯

╭──────────────────────────────────────────────────────────────────────────────╮
│                                                                              │
│    FAIL   build failed                                                       │
│                                                                              │
│   ✓ 0 passed    ✗ 0 failed    ⊘ 0 skipped    ·    0 tests in <elapsed>              │
│                                                                              │
╰──────────────────────────────────────────────────────────────────────────────╯
