
  FAILURES

╭──────────────────────────────────────────────────────────────────────────────╮
│                                                                              │
│   PANIC   TestBoom                                                           │
│  chaos  ·  chaos_test.go:9                                                   │
│                                                                              │
│  panic: runtime error: index out of range [0] with length 0                  │
│                                                                              │
│  goroutine 6 [running]:                                                      │
│  chaos.TestBoom(0x0)                                                         │
│      chaos_test.go:9 +0x18                                                   │
│                                                                              │
╰──────────────────────────────────────────────────────────────────────────────╯

╭──────────────────────────────────────────────────────────────────────────────╮
│                                                                              │
│    FAIL   1 failed                                                           │
│                                                                              │
│   ✓ 0 passed    ✗ 1 failed    ⊘ 0 skipped    ·    1 test in <elapsed>               │
│                                                                              │
│   slowest                                                                    │
│     1  TestBoom                            chaos           0s                │
│                                                                              │
╰──────────────────────────────────────────────────────────────────────────────╯
