╭──────────────────────────────────────────────────────────────────────────────╮
│                                                                              │
│    PASS   all tests passed                                                   │
│                                                                              │
│   ✓ 2 passed    ✗ 0 failed    ⊘ 0 skipped    ·    2 tests in <elapsed>              │
│                                                                              │
│   slowest                                                                    │
│     1  TestSub                             calc            340ms             │
│     2  TestAdd                             calc            120ms             │
│                                                                              │
╰──────────────────────────────────────────────────────────────────────────────╯
