
  FAILURES

╭──────────────────────────────────────────────────────────────────────────────╮
│                                                                              │
│  ✗ FAIL  TestTable/negative                                                  │
│  calc  ·  calc_test.go:48                                                    │
│                                                                              │
│  add(-3, 3) = 1, want 0                                                      │
│                                                                              │
╰──────────────────────────────────────────────────────────────────────────────╯

╭──────────────────────────────────────────────────────────────────────────────╮
│                                                                              │
│    FAIL   2 failed                                                           │
│                                                                              │
│   ✓ 1 passed    ✗ 2 failed    ⊘ 0 skipped    ·    3 tests in <elapsed>              │
│                                                                              │
│   slowest                                                                    │
│     1  TestTable                           calc            20ms              │
│     2  TestTable/positive                  calc            10ms              │
│     3  TestTable/negative                  calc            10ms              │
│                                                                              │
╰──────────────────────────────────────────────────────────────────────────────╯
